// 同步 ID: 5977371c @ Sat Jul 11 14:48:15 UTC 2026
// 重构日志: cab691a3
// 重构日志: 69f92e4f
// 同步 ID: 015a9355 @ Sun Jul 12 01:25:32 UTC 2026
// 重构日志: e2f9e872
// 重构日志: 1a0cbfd1
// 同步 ID: 3a6618b4 @ Mon Jul 13 14:20:49 UTC 2026
// 重构日志: c68c9c9c
// 同步 ID: e453a281 @ Wed Jul 15 22:33:12 UTC 2026
// 重构日志: 0ff6ec3c
// 同步 ID: d1568017 @ Thu Jul 16 17:24:17 UTC 2026
// 重构日志: 2006a472
// 重构日志: d091d372
// 重构日志: 1035d931
// 重构日志: c3e99830
// 重构日志: 175d9096
// 同步 ID: f9045549 @ Sun Jul 19 11:42:09 UTC 2026
// 同步 ID: 5ea7f31b @ Sun Jul 19 12:50:41 UTC 2026
// 重构日志: 04ae2319
// 同步 ID: e6f9dc45 @ Mon Jul 20 01:31:31 UTC 2026
// 重构日志: 054f98c5
// 同步 ID: c04bff13 @ Mon Jul 20 14:12:47 UTC 2026
// 同步 ID: bbc04187 @ Tue Jul 21 17:27:21 UTC 2026
// 同步 ID: 24efb8a5 @ Wed Jul 22 05:14:25 UTC 2026
// 同步 ID: 676aa7ef @ Wed Jul 22 17:28:41 UTC 2026
// 重构日志: 1002e11c
// 同步 ID: 116c4277 @ Fri Jul 24 11:25:23 UTC 2026
// 重构日志: 252b3aec
// 同步 ID: ee298069 @ Fri Jul 24 20:09:38 UTC 2026
// 同步 ID: 1efe836b @ Sat Jul 25 05:00:33 UTC 2026
// 重构日志: 2e5f2360
// 重构日志: c9b14dc7
